// Vitest Snapshot v1, https://vitest.dev/guide/snapshot.html

exports[`Full e2e tests > receiver Peregrine::assetSwitchPool1::[LocalToRemoteSwitchExecuted] 1`] = `
[
  {
    "data": {
      "amount": 50000000000000000,
      "from": "4seWojfEHrk5YKPahdErazQ3CWEHZYi6NV4gKz5AaejWbRPJ",
      "to": {
        "V4": {
          "interior": {
            "X1": [
              {
                "AccountId32": {
                  "id": "(hash)",
                  "network": null,
                },
              },
            ],
          },
          "parents": 0,
        },
      },
    },
    "method": "LocalToRemoteSwitchExecuted",
    "section": "assetSwitchPool1",
  },
]
`;

exports[`Full e2e tests > sender AssetHub::foreignAssets::[Transferred] 1`] = `[]`;

exports[`Full e2e tests > sender Peregrine::fungibles::[Burned] 1`] = `
[
  {
    "data": {
      "assetId": {
        "interior": "Here",
        "parents": 1,
      },
      "balance": 1000000000000,
      "owner": "4seWojfEHrk5YKPahdErazQ3CWEHZYi6NV4gKz5AaejWbRPJ",
    },
    "method": "Burned",
    "section": "fungibles",
  },
]
`;
