// Vitest Snapshot v1, https://vitest.dev/guide/snapshot.html

exports[`Pool accounts funds goes to zero > receiver Peregrine::messageQueue::[Processed] 1`] = `
[
  {
    "data": {
      "id": "(hash)",
      "origin": {
        "Sibling": 1000,
      },
      "success": false,
      "weightUsed": {
        "proofSize": 0,
        "refTime": 800000000,
      },
    },
    "method": "Processed",
    "section": "messageQueue",
  },
]
`;

exports[`Pool accounts funds goes to zero > receiver Peregrine::polkadotXcm::[AssetsTrapped] 1`] = `
[
  {
    "data": {
      "assets": {
        "V4": [
          {
            "fun": {
              "Fungible": "(rounded 100000000000000000)",
            },
            "id": {
              "interior": {
                "X2": [
                  {
                    "GlobalConsensus": {
                      "Ethereum": {
                        "chainId": "(rounded 11000000)",
                      },
                    },
                  },
                  {
                    "AccountKey20": {
                      "key": "0x06012c8cf97bead5deae237070f9587f8e7a266d",
                      "network": null,
                    },
                  },
                ],
              },
              "parents": 2,
            },
          },
        ],
      },
      "hash_": "(hash)",
      "origin": {
        "interior": {
          "X1": [
            {
              "Parachain": 1000,
            },
          ],
        },
        "parents": 1,
      },
    },
    "method": "AssetsTrapped",
    "section": "polkadotXcm",
  },
]
`;

exports[`Send eKILT from other reserve location > receiver Peregrine::messageQueue::[Processed] 1`] = `
[
  {
    "data": {
      "error": "Unsupported",
      "id": "(hash)",
      "origin": "Parent",
    },
    "method": "ProcessingFailed",
    "section": "messageQueue",
  },
]
`;

exports[`Send eKILT while switch Pair does not exist > receiver Peregrine::messageQueue::[Processed] 1`] = `[]`;

exports[`Switch KILTs against EKILTs no enough DOTs on AH > sender Peregrine::assetSwitchPool1::[LocalToRemoteSwitchExecuted] 1`] = `
[
  {
    "data": {
      "amount": 50000000000000000,
      "from": "4seWojfEHrk5YKPahdErazQ3CWEHZYi6NV4gKz5AaejWbRPJ",
      "to": {
        "V4": {
          "interior": {
            "X1": [
              {
                "AccountId32": {
                  "id": "(hash)",
                  "network": null,
                },
              },
            ],
          },
          "parents": 0,
        },
      },
    },
    "method": "LocalToRemoteSwitchExecuted",
    "section": "assetSwitchPool1",
  },
]
`;

exports[`Switch KILTs against EKILTs no enough DOTs on AH > sender Peregrine::balances::[Transfer] 1`] = `
[
  {
    "data": {
      "amount": 50000000000000000,
      "from": "4seWojfEHrk5YKPahdErazQ3CWEHZYi6NV4gKz5AaejWbRPJ",
      "to": "4nv4phaKc4EcwENdRERuMF79ZSSB5xvnAk3zNySSbVbXhSwS",
    },
    "method": "Transfer",
    "section": "balances",
  },
]
`;

exports[`Switch KILTs against EKILTs no enough DOTs on AH > sender Peregrine::xcmpQueue::[XcmpMessageSent] 1`] = `
[
  {
    "data": {
      "messageHash": "(hash)",
    },
    "method": "XcmpMessageSent",
    "section": "xcmpQueue",
  },
]
`;
