// Vitest Snapshot v1, https://vitest.dev/guide/snapshot.html

exports[`Initiate withdraw assets Peregrine Account Alice -> AH Account Bob > sender events xcm pallet 1`] = `
[
  {
    "data": {
      "fees": [],
      "paying": {
        "interior": {
          "X1": {
            "AccountId32": {
              "id": "(hash)",
              "network": null,
            },
          },
        },
        "parents": 0,
      },
    },
    "method": "FeesPaid",
    "section": "polkadotXcm",
  },
  {
    "data": {
      "destination": {
        "interior": {
          "X1": {
            "Parachain": 1000,
          },
        },
        "parents": 1,
      },
      "message": [
        {
          "WithdrawAsset": [
            {
              "fun": {
                "Fungible": 1000000000000,
              },
              "id": {
                "Concrete": {
                  "interior": "Here",
                  "parents": 1,
                },
              },
            },
          ],
        },
        {
          "BuyExecution": {
            "fees": {
              "fun": {
                "Fungible": 1000000000000,
              },
              "id": {
                "Concrete": {
                  "interior": "Here",
                  "parents": 1,
                },
              },
            },
            "weightLimit": "Unlimited",
          },
        },
        {
          "InitiateReserveWithdraw": {
            "assets": {
              "Wild": "All",
            },
            "reserve": {
              "interior": "Here",
              "parents": 0,
            },
            "xcm": [
              {
                "BuyExecution": {
                  "fees": {
                    "fun": {
                      "Fungible": 1000000000000,
                    },
                    "id": {
                      "Concrete": {
                        "interior": "Here",
                        "parents": 1,
                      },
                    },
                  },
                  "weightLimit": "Unlimited",
                },
              },
              {
                "DepositAsset": {
                  "assets": {
                    "Wild": "All",
                  },
                  "beneficiary": {
                    "interior": {
                      "X1": {
                        "AccountId32": {
                          "id": "(hash)",
                          "network": null,
                        },
                      },
                    },
                    "parents": 0,
                  },
                },
              },
            ],
          },
        },
      ],
      "messageId": "(hash)",
      "origin": {
        "interior": {
          "X1": {
            "AccountId32": {
              "id": "(hash)",
              "network": null,
            },
          },
        },
        "parents": 0,
      },
    },
    "method": "Sent",
    "section": "polkadotXcm",
  },
]
`;

exports[`Initiate withdraw assets Peregrine Account Alice -> AH Account Bob > sender events xcm queue pallet 1`] = `
[
  {
    "data": {
      "messageHash": "(hash)",
    },
    "method": "XcmpMessageSent",
    "section": "xcmpQueue",
  },
]
`;
