// Vitest Snapshot v1, https://vitest.dev/guide/snapshot.html

exports[`Withdraw Asset > Hydration -> KILT at Block > receiver events "messageQueue" 1`] = `
[
  {
    "data": {
      "id": "(hash)",
      "origin": {
        "Sibling": "(rounded 2000)",
      },
      "success": true,
      "weightUsed": {
        "proofSize": 0,
        "refTime": 800000000,
      },
    },
    "method": "Processed",
    "section": "messageQueue",
  },
]
`;

exports[`Withdraw Asset > Hydration -> KILT at Block > receiver events {"section":"balances","method":"Burned"} 1`] = `
[
  {
    "data": {
      "amount": 1000000000000000,
      "who": "4qXPdpioJ6D8cgdeYXaukV2Y2oAQUHaX1VnGhdbSRqJn2CBt",
    },
    "method": "Burned",
    "section": "balances",
  },
]
`;

exports[`Withdraw Asset > Hydration -> KILT at Block > receiver events {"section":"balances","method":"Minted"} 1`] = `
[
  {
    "data": {
      "amount": "(rounded 1000000000000000)",
      "who": "4rsmbFBYpVmWE2LHRsSZKxf22a8cbJLxMZqvVGkGkSDmDBcr",
    },
    "method": "Minted",
    "section": "balances",
  },
]
`;

exports[`Withdraw Asset > Hydration -> KILT at Block > receiver events {"section":"system","method":"NewAccount"} 1`] = `
[
  {
    "data": {
      "account": "4rsmbFBYpVmWE2LHRsSZKxf22a8cbJLxMZqvVGkGkSDmDBcr",
    },
    "method": "NewAccount",
    "section": "system",
  },
]
`;

exports[`Withdraw Asset > Hydration -> KILT at Block > sender events "xcmpQueue" 1`] = `
[
  {
    "data": {
      "messageHash": "(hash)",
    },
    "method": "XcmpMessageSent",
    "section": "xcmpQueue",
  },
]
`;

exports[`Withdraw Asset > Hydration -> KILT at Block > sender events {"section":"currencies","method":"Withdrawn"} 1`] = `
[
  {
    "data": {
      "amount": "(rounded 500000000000)",
      "currencyId": 0,
      "who": "7NL1GYCJu8cFSnWBLwET2X3fMdodw8T75zuxi59hA2bhdjQq",
    },
    "method": "Withdrawn",
    "section": "currencies",
  },
  {
    "data": {
      "amount": 1000000000000000,
      "currencyId": "(rounded 30)",
      "who": "7NL1GYCJu8cFSnWBLwET2X3fMdodw8T75zuxi59hA2bhdjQq",
    },
    "method": "Withdrawn",
    "section": "currencies",
  },
]
`;

exports[`Withdraw Asset > Hydration -> KILT live > receiver events {"section":"system","method":"NewAccount"} 1`] = `
[
  {
    "data": {
      "account": "4rsmbFBYpVmWE2LHRsSZKxf22a8cbJLxMZqvVGkGkSDmDBcr",
    },
    "method": "NewAccount",
    "section": "system",
  },
]
`;
