// Vitest Snapshot v1, https://vitest.dev/guide/snapshot.html

exports[`Send ROCs while switch paused > sender AssetHub::balances::[Withdraw] asset {"V4":[{"id":{"Concrete":{"parents":1,"interior":"Here"}},"fun":{"Fungible":"1000000000000"}}]} 1`] = `
[
  {
    "data": {
      "amount": "(rounded 24000000)",
      "who": "15jSz35ugoWTc61xHPoxEkHte4o7UanKCk1gx1dizA8yuNs8",
    },
    "method": "Withdraw",
    "section": "balances",
  },
]
`;

exports[`Send ROCs while switch paused > sender AssetHub::polkadotXcm::[Attempted,FeesPaid,Sent] asset {"V4":[{"id":{"Concrete":{"parents":1,"interior":"Here"}},"fun":{"Fungible":"1000000000000"}}]} 1`] = `[]`;

exports[`Send ROCs while switch paused > sender AssetHub::xcmpQueue::[XcmpMessageSent] asset {"V4":[{"id":{"Concrete":{"parents":1,"interior":"Here"}},"fun":{"Fungible":"1000000000000"}}]} 1`] = `[]`;

exports[`Switch PILTs against ePILTs while paused > sender AssetHub::balances::[Withdraw] asset {"V4":[{"id":{"Concrete":{"parents":1,"interior":"Here"}},"fun":{"Fungible":"1000000000000"}}]} 1`] = `
[
  {
    "data": {
      "amount": "(rounded 24000000)",
      "who": "15jSz35ugoWTc61xHPoxEkHte4o7UanKCk1gx1dizA8yuNs8",
    },
    "method": "Withdraw",
    "section": "balances",
  },
]
`;

exports[`Switch PILTs against ePILTs while paused > sender AssetHub::polkadotXcm::[Attempted,FeesPaid,Sent] asset {"V4":[{"id":{"Concrete":{"parents":1,"interior":"Here"}},"fun":{"Fungible":"1000000000000"}}]} 1`] = `[]`;

exports[`Switch PILTs against ePILTs while paused > sender AssetHub::xcmpQueue::[XcmpMessageSent] asset {"V4":[{"id":{"Concrete":{"parents":1,"interior":"Here"}},"fun":{"Fungible":"1000000000000"}}]} 1`] = `[]`;

exports[`Switch ePILTs against PILTs while paused > sender AssetHub::balances::[Withdraw] asset {"V4":[{"id":{"Concrete":{"parents":1,"interior":"Here"}},"fun":{"Fungible":"1000000000000"}}]} 1`] = `
[
  {
    "data": {
      "amount": "(rounded 24000000)",
      "who": "15jSz35ugoWTc61xHPoxEkHte4o7UanKCk1gx1dizA8yuNs8",
    },
    "method": "Withdraw",
    "section": "balances",
  },
]
`;

exports[`Switch ePILTs against PILTs while paused > sender AssetHub::polkadotXcm::[Attempted,FeesPaid,Sent] asset {"V4":[{"id":{"Concrete":{"parents":1,"interior":"Here"}},"fun":{"Fungible":"1000000000000"}}]} 1`] = `[]`;

exports[`Switch ePILTs against PILTs while paused > sender AssetHub::xcmpQueue::[XcmpMessageSent] asset {"V4":[{"id":{"Concrete":{"parents":1,"interior":"Here"}},"fun":{"Fungible":"1000000000000"}}]} 1`] = `[]`;
