// Vitest Snapshot v1, https://vitest.dev/guide/snapshot.html

exports[`Send eKILT while switch Pair does not exist > PolkadotXcm assethub 1`] = `
[
  {
    "data": {
      "outcome": {
        "Complete": {
          "used": {
            "proofSize": "(rounded 6200)",
            "refTime": "(rounded 290000000)",
          },
        },
      },
    },
    "method": "Attempted",
    "section": "polkadotXcm",
  },
]
`;

exports[`Send eKILT while switch Pair does not exist > assetHubs events xcm queue pallet 1`] = `
[
  {
    "data": {
      "messageHash": "(hash)",
    },
    "method": "XcmpMessageSent",
    "section": "xcmpQueue",
  },
]
`;

exports[`Send eKILT while switch Pair does not exist > receiver events xcm queue pallet 1`] = `[]`;

exports[`Send eKILT while switch Pair does not exist > sender events foreignAssets 1`] = `
[
  {
    "data": {
      "amount": 100000000000000000,
      "assetId": {
        "interior": {
          "X2": [
            {
              "GlobalConsensus": {
                "Ethereum": {
                  "chainId": "(rounded 11000000)",
                },
              },
            },
            {
              "AccountKey20": {
                "key": "0x06012c8cf97bead5deae237070f9587f8e7a266d",
                "network": null,
              },
            },
          ],
        },
        "parents": 2,
      },
      "from": "15jSz35ugoWTc61xHPoxEkHte4o7UanKCk1gx1dizA8yuNs8",
      "to": "13cKp88mpGREFCq8KsJEFjpSBnjFuCNWq6bmD3js7fu4f66e",
    },
    "method": "Transferred",
    "section": "foreignAssets",
  },
]
`;
