// Vitest Snapshot v1, https://vitest.dev/guide/snapshot.html

exports[`Trapped assets > PolkadotXcm assethub 1`] = `[]`;

exports[`Trapped assets > assetHubs events xcm queue pallet 1`] = `[]`;

exports[`Trapped assets > peregrine asset switch pallet 1`] = `[]`;

exports[`Trapped assets > peregrine message queue 1`] = `[]`;

exports[`Trapped assets > sender events foreignAssets 1`] = `[]`;
